---
source: backpack/src/config.rs
expression: config
---
(
    Config {
        projects: Some(
            {
                "rust": Project {
                    shortlink: "correct/local",
                    is_git: None,
                    description: None,
                    source: Local,
                    mode: None,
                    actions: None,
                    swaps: None,
                },
            },
        ),
        vendors: None,
    },
    Local,
)
