---
source: backpack/src/shortlink.rs
expression: "(link.clone(), expand(&link, false, &vendors))"
---
(
    "rust-starter",
    Ok(
        (
            my.gitlab.com,
            Location {
                url: "https://my.gitlab.com/rust-starter",
                domain: "my.gitlab.com",
                path: "/rust-starter",
                project: "rust-starter",
                port: None,
                query: None,
                subfolder: None,
                gref: None,
                username: "",
                password: None,
                is_git: false,
            },
        ),
    ),
)
