---
source: backpack/src/shortlink.rs
expression: "(link.clone(), expand(&link, false, &config))"
---
(
    "hygen",
    Ok(
        (
            github.com,
            Location {
                url: "https://github.com/hygen",
                domain: "github.com",
                path: "/hygen",
                project: "hygen",
                port: None,
                query: None,
                subfolder: None,
                gref: None,
                username: "",
                password: None,
                is_git: false,
            },
            None,
        ),
    ),
)
