---
source: backpack/tests/runner_test.rs
expression: "run_with_no_config(Some(\"rusty-ferris-club/backpack-e2e-frozen\"), Some(\"out\"),\n    CopyMode::Copy, false, None)"
---
Ok(
    [
        "tests-out/out/.cargo/config.toml",
        "tests-out/out/.github/ISSUE_TEMPLATE/bug_report.yml",
        "tests-out/out/.github/ISSUE_TEMPLATE/feature_request.yml",
        "tests-out/out/.github/workflows/build.yml",
        "tests-out/out/.github/workflows/release.yml",
        "tests-out/out/.gitignore",
        "tests-out/out/Cargo.lock",
        "tests-out/out/Cargo.toml",
        "tests-out/out/LICENSE.txt",
        "tests-out/out/README.md",
        "tests-out/out/bumblefoot/Cargo.toml",
        "tests-out/out/bumblefoot/build.rs",
        "tests-out/out/bumblefoot/src/bin/bumblefoot.rs",
        "tests-out/out/bumblefoot/src/bin/cmd/default.rs",
        "tests-out/out/bumblefoot/src/bin/cmd/mod.rs",
        "tests-out/out/bumblefoot/src/bin/cmd/validate.rs",
        "tests-out/out/bumblefoot/src/data.rs",
        "tests-out/out/bumblefoot/src/lib.rs",
        "tests-out/out/bumblefoot/src/runner.rs",
        "tests-out/out/media/cover.png",
        "tests-out/out/media/screen.png",
        "tests-out/out/xtask/Cargo.toml",
        "tests-out/out/xtask/src/dual/Cargo.toml",
        "tests-out/out/xtask/src/dual/src/bin/bumblefoot.rs",
        "tests-out/out/xtask/src/dual/src/bin/cmd/default.rs",
        "tests-out/out/xtask/src/dual/src/bin/cmd/mod.rs",
        "tests-out/out/xtask/src/dual/src/bin/cmd/validate.rs",
        "tests-out/out/xtask/src/main.rs",
        "tests-out/out/xtask/src/simple/Cargo.toml",
        "tests-out/out/xtask/src/simple/src/main.rs",
    ],
)
