---
source: backpack/tests/runner_test.rs
expression: "run_with_local_config(Some(\"integration\"), None, CopyMode::Apply,\n    r#\"\nprojects:\n  integration:\n    shortlink: rusty-ferris-club/backpack-e2e-frozen\n    actions:\n    - name: \"test confirm\"\n      interaction:\n        kind: confirm\n        prompt: \"are you sure?\"\n      break_if_cancel: true\n    - name: \"grab input and create file\"\n      interaction:\n        kind: input\n        prompt: name of your thing\n        out: name\n      run: touch {{name}}.txt\n\"#,\n    false,\n    Some(RunnerEvents {\n            actions_events: Some(vec![KeyCode :: Char('y').into(), KeyCode ::\n                    Enter.into(), KeyCode :: Char('t').into(), KeyCode ::\n                    Char('l').into(), KeyCode :: Char('v').into(), KeyCode ::\n                    Enter.into(),]),\n            prompt_events: Some(vec![]),\n        }))"
---
Ok(
    [
        "/tests-out/content/.cargo/config.toml",
        "/tests-out/content/.github/ISSUE_TEMPLATE/bug_report.yml",
        "/tests-out/content/.github/ISSUE_TEMPLATE/feature_request.yml",
        "/tests-out/content/.github/workflows/build.yml",
        "/tests-out/content/.github/workflows/release.yml",
        "/tests-out/content/.gitignore",
        "/tests-out/content/Cargo.lock",
        "/tests-out/content/Cargo.toml",
        "/tests-out/content/LICENSE.txt",
        "/tests-out/content/README.md",
        "/tests-out/content/bumblefoot/Cargo.toml",
        "/tests-out/content/bumblefoot/build.rs",
        "/tests-out/content/bumblefoot/src/bin/bumblefoot.rs",
        "/tests-out/content/bumblefoot/src/bin/cmd/default.rs",
        "/tests-out/content/bumblefoot/src/bin/cmd/mod.rs",
        "/tests-out/content/bumblefoot/src/bin/cmd/validate.rs",
        "/tests-out/content/bumblefoot/src/data.rs",
        "/tests-out/content/bumblefoot/src/lib.rs",
        "/tests-out/content/bumblefoot/src/runner.rs",
        "/tests-out/content/media/cover.png",
        "/tests-out/content/media/screen.png",
        "/tests-out/content/tlv.txt",
        "/tests-out/content/xtask/Cargo.toml",
        "/tests-out/content/xtask/src/dual/Cargo.toml",
        "/tests-out/content/xtask/src/dual/src/bin/bumblefoot.rs",
        "/tests-out/content/xtask/src/dual/src/bin/cmd/default.rs",
        "/tests-out/content/xtask/src/dual/src/bin/cmd/mod.rs",
        "/tests-out/content/xtask/src/dual/src/bin/cmd/validate.rs",
        "/tests-out/content/xtask/src/main.rs",
        "/tests-out/content/xtask/src/simple/Cargo.toml",
        "/tests-out/content/xtask/src/simple/src/main.rs",
    ],
)
