---
source: backpack/tests/runner_test.rs
expression: "run_with_no_config(Some(\"https://gist.github.com/jondot/15086f59dab44f30bb10f82ca09f4887\"),\n    None, CopyMode::Apply, false,\n    Some(RunnerEvents { prompt_events: Some(vec![]), actions_events: None }))"
---
Ok(
    [
        "/tests-out/content/jonhoo-trivia.md",
    ],
)
