---
source: backpack/tests/runner_test.rs
expression: "run_with_local_config(Some(\"integration\"), None, CopyMode::Apply,\n    r#\"\nprojects:\n  integration:\n    shortlink: rusty-ferris-club/backpack-e2e-frozen\n    actions:\n    - name: \"test confirm\"\n      interaction:\n        kind: confirm\n        prompt: \"are you sure?\"\n      break_if_cancel: true\n    - name: \"grab input and create file\"\n      interaction:\n        kind: input\n        prompt: name of your thing\n        out: name\n      run: touch {{name}}.txt\n\"#,\n    false,\n    Some(RunnerEvents {\n            actions_events: Some(vec![KeyCode :: Char('n').into(), KeyCode ::\n                    Enter.into(),]),\n            prompt_events: Some(vec![KeyCode :: Enter.into(),]),\n        }))"
---
Err(
    "stop requested (break_if_cancel)",
)
